// Jest Snapshot v1, https://goo.gl/fbAQLP

exports[`standard 1`] = `
<div
  className="mock-spinner"
/>
`;
